// Jest Snapshot v1, https://goo.gl/fbAQLP

exports[`Navbar matches snapshot 1`] = `
<div
  className="jss1"
  data-testid="navbar"
>
  <header
    className="jss21 jss10 jss13 jss17 jss28"
  >
    <div
      className="jss49 jss51 jss50 jss2"
    >
      <button
        className="jss62 jss53 jss3 jss56 jss54"
        data-testid="drawer-btn"
        disabled={false}
        onBlur={[Function]}
        onDragLeave={[Function]}
        onFocus={[Function]}
        onKeyDown={[Function]}
        onKeyUp={[Function]}
        onMouseDown={[Function]}
        onMouseLeave={[Function]}
        onMouseUp={[Function]}
        onTouchEnd={[Function]}
        onTouchMove={[Function]}
        onTouchStart={[Function]}
        tabIndex={0}
        type="button"
      >
        <span
          className="jss61"
        >
          <svg
            aria-hidden={true}
            className="jss65"
            focusable="false"
            viewBox="0 0 24 24"
          >
            <test-file-stub />
          </svg>
        </span>
        <span
          className="jss191"
        />
      </button>
      <svg
        aria-hidden={true}
        className="jss65 jss4"
        focusable="false"
        viewBox="0 0 24 24"
      >
        <test-file-stub />
      </svg>
      <h6
        className="jss74 jss5 jss84 jss93"
      >
        Gestionale 
        DEMO
      </h6>
      <div
        className="jss1"
      />
      <div
        className="jss6"
      >
        <div
          aria-expanded={false}
          aria-owns={null}
          className="jss104 jss110 jss109"
          onClick={[Function]}
          onKeyDown={[Function]}
          onMouseDown={[Function]}
          role="combobox"
        >
          <div
            className="jss129 jss128 jss8 jss132"
          >
            <div
              className="jss147 jss133 jss9 jss111 jss157 jss142 jss148 jss134 jss151 jss152"
              onClick={[Function]}
              onMouseDownCapture={[Function]}
            >
              <svg
                aria-hidden={true}
                className="jss65"
                focusable="false"
                viewBox="0 0 24 24"
              >
                <path
                  d="M15.5 14h-.79l-.28-.27C15.41 12.59 16 11.11 16 9.5 16 5.91 13.09 3 9.5 3S3 5.91 3 9.5 5.91 16 9.5 16c1.61 0 3.09-.59 4.23-1.57l.27.28v.79l5 4.99L20.49 19l-4.99-5zm-6 0C7.01 14 5 11.99 5 9.5S7.01 5 9.5 5 14 7.01 14 9.5 11.99 14 9.5 14z"
                />
              </svg>
              <input
                aria-activedescendant={null}
                aria-autocomplete="list"
                aria-controls={null}
                aria-invalid={false}
                autoCapitalize="none"
                autoComplete="off"
                autoFocus={false}
                className="jss158 jss143 jss112 jss113 jss162 jss163"
                data-testid="search-field"
                disabled={false}
                id="Autocomplete"
                onAnimationStart={[Function]}
                onBlur={[Function]}
                onChange={[Function]}
                onFocus={[Function]}
                onMouseDown={[Function]}
                placeholder="Cercaâ€¦"
                required={false}
                spellCheck="false"
                type="text"
                value=""
              />
              <div
                className="jss114"
              >
                <button
                  aria-label="Cancella"
                  className="jss62 jss53 jss115 jss7"
                  disabled={false}
                  onBlur={[Function]}
                  onClick={[Function]}
                  onDragLeave={[Function]}
                  onFocus={[Function]}
                  onKeyDown={[Function]}
                  onKeyUp={[Function]}
                  onMouseDown={[Function]}
                  onMouseLeave={[Function]}
                  onMouseUp={[Function]}
                  onTouchEnd={[Function]}
                  onTouchMove={[Function]}
                  onTouchStart={[Function]}
                  tabIndex={-1}
                  title="Cancella"
                  type="button"
                >
                  <span
                    className="jss61"
                  >
                    <svg
                      aria-hidden={true}
                      className="jss65 jss72"
                      focusable="false"
                      viewBox="0 0 24 24"
                    >
                      <path
                        d="M19 6.41L17.59 5 12 10.59 6.41 5 5 6.41 10.59 12 5 17.59 6.41 19 12 13.41 17.59 19 19 17.59 13.41 12z"
                      />
                    </svg>
                  </span>
                  <span
                    className="jss191"
                  />
                </button>
                <button
                  aria-label="Open"
                  className="jss62 jss53 jss117 jss7"
                  disabled={false}
                  onBlur={[Function]}
                  onClick={[Function]}
                  onDragLeave={[Function]}
                  onFocus={[Function]}
                  onKeyDown={[Function]}
                  onKeyUp={[Function]}
                  onMouseDown={[Function]}
                  onMouseLeave={[Function]}
                  onMouseUp={[Function]}
                  onTouchEnd={[Function]}
                  onTouchMove={[Function]}
                  onTouchStart={[Function]}
                  tabIndex={-1}
                  title="Open"
                  type="button"
                >
                  <span
                    className="jss61"
                  >
                    <svg
                      aria-hidden={true}
                      className="jss65"
                      focusable="false"
                      viewBox="0 0 24 24"
                    >
                      <path
                        d="M7 10l5 5 5-5z"
                      />
                    </svg>
                  </span>
                  <span
                    className="jss191"
                  />
                </button>
              </div>
            </div>
          </div>
        </div>
      </div>
      <button
        aria-describedby={null}
        className="jss62 jss53 jss56"
        disabled={false}
        onBlur={[Function]}
        onClick={[Function]}
        onDragLeave={[Function]}
        onFocus={[Function]}
        onKeyDown={[Function]}
        onKeyUp={[Function]}
        onMouseDown={[Function]}
        onMouseLeave={[Function]}
        onMouseOver={[Function]}
        onMouseUp={[Function]}
        onTouchEnd={[Function]}
        onTouchMove={[Function]}
        onTouchStart={[Function]}
        tabIndex={0}
        title="Appuntamenti oggi"
        type="button"
      >
        <span
          className="jss61"
        >
          <span
            className="jss176"
          >
            <svg
              aria-hidden={true}
              className="jss65"
              data-testid="today-btn"
              focusable="false"
              viewBox="0 0 24 24"
            >
              <path
                d="M19 3h-4.18C14.4 1.84 13.3 1 12 1c-1.3 0-2.4.84-2.82 2H5c-1.1 0-2 .9-2 2v14c0 1.1.9 2 2 2h14c1.1 0 2-.9 2-2V5c0-1.1-.9-2-2-2zm-7 0c.55 0 1 .45 1 1s-.45 1-1 1-1-.45-1-1 .45-1 1-1zm2 14H7v-2h7v2zm3-4H7v-2h10v2zm0-4H7V7h10v2z"
              />
            </svg>
            <span
              className="jss177 jss182 jss179"
            >
              1
            </span>
          </span>
        </span>
        <span
          className="jss191"
        />
      </button>
    </div>
  </header>
</div>
`;
