// Jest Snapshot v1, https://goo.gl/fbAQLP

exports[`CustomerDetails matches snapshot 1`] = `
<div
  className="jss1"
>
  <div
    className="jss4 jss5 jss11 jss13 jss24"
  >
    <div
      className="jss4 jss6"
    >
      <h6
        className="jss107 jss117"
      >
        Scheda cliente
      </h6>
    </div>
    <div
      className="jss3"
    />
    <div
      className="jss4 jss6"
    >
      <button
        aria-describedby={null}
        className="jss157 jss148"
        data-testid="add-reservation"
        disabled={false}
        onBlur={[Function]}
        onClick={[Function]}
        onDragLeave={[Function]}
        onFocus={[Function]}
        onKeyDown={[Function]}
        onKeyUp={[Function]}
        onMouseDown={[Function]}
        onMouseLeave={[Function]}
        onMouseOver={[Function]}
        onMouseUp={[Function]}
        onTouchEnd={[Function]}
        onTouchMove={[Function]}
        onTouchStart={[Function]}
        tabIndex={0}
        title="Assegna nuovo appuntamento"
        type="button"
      >
        <span
          className="jss156"
        >
          <svg
            aria-hidden={true}
            className="jss160 jss161"
            focusable="false"
            viewBox="0 0 24 24"
          >
            <path
              d="M12 7c-.55 0-1 .45-1 1v3H8c-.55 0-1 .45-1 1s.45 1 1 1h3v3c0 .55.45 1 1 1s1-.45 1-1v-3h3c.55 0 1-.45 1-1s-.45-1-1-1h-3V8c0-.55-.45-1-1-1zm0-5C6.48 2 2 6.48 2 12s4.48 10 10 10 10-4.48 10-10S17.52 2 12 2zm0 18c-4.41 0-8-3.59-8-8s3.59-8 8-8 8 3.59 8 8-3.59 8-8 8z"
            />
          </svg>
        </span>
        <span
          className="jss217"
        />
      </button>
    </div>
    <div
      className="jss4 jss6"
    >
      <button
        aria-describedby={null}
        className="jss157 jss148"
        data-testid="edit-customer"
        disabled={false}
        onBlur={[Function]}
        onClick={[Function]}
        onDragLeave={[Function]}
        onFocus={[Function]}
        onKeyDown={[Function]}
        onKeyUp={[Function]}
        onMouseDown={[Function]}
        onMouseLeave={[Function]}
        onMouseOver={[Function]}
        onMouseUp={[Function]}
        onTouchEnd={[Function]}
        onTouchMove={[Function]}
        onTouchStart={[Function]}
        tabIndex={0}
        title="Modifica"
        type="button"
      >
        <span
          className="jss156"
        >
          <svg
            aria-hidden={true}
            className="jss160 jss161"
            focusable="false"
            viewBox="0 0 24 24"
          >
            <path
              d="M3 17.46v3.04c0 .28.22.5.5.5h3.04c.13 0 .26-.05.35-.15L17.81 9.94l-3.75-3.75L3.15 17.1c-.1.1-.15.22-.15.36zM20.71 7.04c.39-.39.39-1.02 0-1.41l-2.34-2.34a.9959.9959 0 00-1.41 0l-1.83 1.83 3.75 3.75 1.83-1.83z"
            />
          </svg>
        </span>
        <span
          className="jss217"
        />
      </button>
    </div>
    <div
      className="jss4 jss6"
    >
      <button
        aria-describedby={null}
        className="jss157 jss148"
        data-testid="delete-customer"
        disabled={false}
        onBlur={[Function]}
        onClick={[Function]}
        onDragLeave={[Function]}
        onFocus={[Function]}
        onKeyDown={[Function]}
        onKeyUp={[Function]}
        onMouseDown={[Function]}
        onMouseLeave={[Function]}
        onMouseOver={[Function]}
        onMouseUp={[Function]}
        onTouchEnd={[Function]}
        onTouchMove={[Function]}
        onTouchStart={[Function]}
        tabIndex={0}
        title="Elimina cliente"
        type="button"
      >
        <span
          className="jss156"
        >
          <svg
            aria-hidden={true}
            className="jss160 jss161"
            focusable="false"
            viewBox="0 0 24 24"
          >
            <path
              d="M6 19c0 1.1.9 2 2 2h8c1.1 0 2-.9 2-2V9c0-1.1-.9-2-2-2H8c-1.1 0-2 .9-2 2v10zM18 4h-2.5l-.71-.71c-.18-.18-.44-.29-.7-.29H9.91c-.26 0-.52.11-.7.29L8.5 4H6c-.55 0-1 .45-1 1s.45 1 1 1h12c.55 0 1-.45 1-1s-.45-1-1-1z"
            />
          </svg>
        </span>
        <span
          className="jss217"
        />
      </button>
    </div>
  </div>
  <div
    className="jss4 jss5"
  >
    <div
      className="jss4 jss6 jss50 jss58"
    >
      <ul
        className="jss169"
      >
        <li
          className="jss173 jss180"
          disabled={false}
        >
          <div
            className="jss184"
          >
            <svg
              aria-hidden={true}
              className="jss160 jss161"
              focusable="false"
              viewBox="0 0 24 24"
            >
              <path
                d="M19 3h-4.18C14.4 1.84 13.3 1 12 1s-2.4.84-2.82 2H5c-1.1 0-2 .9-2 2v14c0 1.1.9 2 2 2h14c1.1 0 2-.9 2-2V5c0-1.1-.9-2-2-2zm-7 0c.55 0 1 .45 1 1s-.45 1-1 1-1-.45-1-1 .45-1 1-1zm0 4c1.66 0 3 1.34 3 3s-1.34 3-3 3-3-1.34-3-3 1.34-3 3-3zm6 12H6v-1.4c0-2 4-3.1 6-3.1s6 1.1 6 3.1V19z"
              />
            </svg>
          </div>
          <div
            className="jss186 jss187"
          >
            <span
              className="jss107 jss190 jss109 jss136"
            >
              Customer name Surname
            </span>
            <p
              className="jss107 jss191 jss108 jss133 jss136"
            >
              Nome
            </p>
          </div>
        </li>
        <li
          className="jss173 jss180"
          disabled={false}
        >
          <div
            className="jss184"
          >
            <svg
              aria-hidden={true}
              className="jss160 jss161"
              focusable="false"
              viewBox="0 0 24 24"
            >
              <path
                d="M12 11c-1.33 0-4 .67-4 2v.16c.97 1.12 2.4 1.84 4 1.84s3.03-.72 4-1.84V13c0-1.33-2.67-2-4-2zm0-1c1.1 0 2-.9 2-2s-.9-2-2-2-2 .9-2 2 .9 2 2 2zm0-8c4.2 0 8 3.22 8 8.2 0 3.18-2.45 6.92-7.34 11.23-.38.33-.95.33-1.33 0C6.45 17.12 4 13.38 4 10.2 4 5.22 7.8 2 12 2z"
              />
            </svg>
          </div>
          <div
            className="jss186 jss187"
          >
            <span
              className="jss107 jss190 jss109 jss136"
            >
              ---
            </span>
            <p
              className="jss107 jss191 jss108 jss133 jss136"
            >
              Identificatore aggiuntivo
            </p>
          </div>
        </li>
        <li
          className="jss173 jss180"
          disabled={false}
        >
          <div
            className="jss184"
          >
            <svg
              aria-hidden={true}
              className="jss160 jss161"
              focusable="false"
              viewBox="0 0 24 24"
            >
              <path
                d="M19.23 15.26l-2.54-.29c-.61-.07-1.21.14-1.64.57l-1.84 1.84c-2.83-1.44-5.15-3.75-6.59-6.59l1.85-1.85c.43-.43.64-1.03.57-1.64l-.29-2.52c-.12-1.01-.97-1.77-1.99-1.77H5.03c-1.13 0-2.07.94-2 2.07.53 8.54 7.36 15.36 15.89 15.89 1.13.07 2.07-.87 2.07-2v-1.73c.01-1.01-.75-1.86-1.76-1.98z"
              />
            </svg>
          </div>
          <div
            className="jss186 jss187"
          >
            <span
              className="jss107 jss190 jss109 jss136"
            >
              ---
            </span>
            <p
              className="jss107 jss191 jss108 jss133 jss136"
            >
              Telefono
            </p>
          </div>
        </li>
      </ul>
    </div>
    <div
      className="jss4 jss6 jss50 jss58"
    >
      <ul
        className="jss169"
      >
        <li
          className="jss173 jss180"
          disabled={false}
        >
          <div
            className="jss184"
          >
            <svg
              aria-hidden={true}
              className="jss160 jss161"
              focusable="false"
              viewBox="0 0 24 24"
            >
              <path
                d="M18 12c-.55 0-1 .45-1 1v5.22c0 .55-.45 1-1 1H6c-.55 0-1-.45-1-1V8c0-.55.45-1 1-1h5c.55 0 1-.45 1-1s-.45-1-1-1H5c-1.1 0-2 .9-2 2v12c0 1.1.9 2 2 2h12c1.1 0 2-.9 2-2v-6c0-.55-.45-1-1-1zM21.02 5H19V2.98c0-.54-.44-.98-.98-.98h-.03c-.55 0-.99.44-.99.98V5h-2.01c-.54 0-.98.44-.99.98v.03c0 .55.44.99.99.99H17v2.01c0 .54.44.99.99.98h.03c.54 0 .98-.44.98-.98V7h2.02c.54 0 .98-.44.98-.98v-.04c0-.54-.44-.98-.98-.98z"
              />
              <path
                d="M14 9H8c-.55 0-1 .45-1 1s.45 1 1 1h6c.55 0 1-.45 1-1s-.45-1-1-1zM14 12H8c-.55 0-1 .45-1 1s.45 1 1 1h6c.55 0 1-.45 1-1s-.45-1-1-1zM14 15H8c-.55 0-1 .45-1 1s.45 1 1 1h6c.55 0 1-.45 1-1s-.45-1-1-1z"
              />
            </svg>
          </div>
          <div
            className="jss186 jss187"
          >
            <span
              className="jss107 jss190 jss109 jss136"
            >
              ---
            </span>
            <p
              className="jss107 jss191 jss108 jss133 jss136"
            >
              Note
            </p>
          </div>
        </li>
        <li
          className="jss173 jss180"
          disabled={false}
        >
          <div
            className="jss184"
          >
            <svg
              aria-hidden={true}
              className="jss160 jss161"
              focusable="false"
              viewBox="0 0 24 24"
            >
              <path
                d="M19 3h-4.18C14.4 1.84 13.3 1 12 1s-2.4.84-2.82 2H5c-1.1 0-2 .9-2 2v14c0 1.1.9 2 2 2h14c1.1 0 2-.9 2-2V5c0-1.1-.9-2-2-2zm-7 0c.55 0 1 .45 1 1s-.45 1-1 1-1-.45-1-1 .45-1 1-1zM9.29 16.29L6.7 13.7a.9959.9959 0 010-1.41c.39-.39 1.02-.39 1.41 0L10 14.17l5.88-5.88c.39-.39 1.02-.39 1.41 0 .39.39.39 1.02 0 1.41l-6.59 6.59c-.38.39-1.02.39-1.41 0z"
              />
            </svg>
          </div>
          <div
            className="jss186 jss187"
          >
            <span
              className="jss107 jss190 jss109 jss136"
            >
              1
            </span>
            <p
              className="jss107 jss191 jss108 jss133 jss136"
            >
              Appuntamenti passati
            </p>
          </div>
        </li>
        <li
          className="jss173 jss180"
          disabled={false}
        >
          <div
            className="jss184"
          >
            <svg
              aria-hidden={true}
              className="jss160 jss161"
              focusable="false"
              viewBox="0 0 24 24"
            >
              <path
                d="M19 4h-1V3c0-.55-.45-1-1-1s-1 .45-1 1v1H8V3c0-.55-.45-1-1-1s-1 .45-1 1v1H5c-1.11 0-1.99.9-1.99 2L3 20c0 1.1.89 2 2 2h14c1.1 0 2-.9 2-2V6c0-1.1-.9-2-2-2zm0 15c0 .55-.45 1-1 1H6c-.55 0-1-.45-1-1V9h14v10zM7 11h2v2H7zm4 0h2v2h-2zm4 0h2v2h-2z"
              />
            </svg>
          </div>
          <div
            className="jss186 jss187"
          >
            <span
              className="jss107 jss190 jss109 jss136"
            >
              1
            </span>
            <p
              className="jss107 jss191 jss108 jss133 jss136"
            >
              Appuntamenti futuri
            </p>
          </div>
        </li>
      </ul>
    </div>
  </div>
  <div
    className="jss192"
  >
    <div
      className="jss197 jss198"
      onScroll={[Function]}
      style={
        Object {
          "marginBottom": null,
          "overflow": "hidden",
        }
      }
    >
      <div
        className="jss194 jss196"
        onKeyDown={[Function]}
        role="tablist"
      >
        <button
          aria-selected={true}
          className="jss157 jss203 jss205 jss208 jss210"
          disabled={false}
          onBlur={[Function]}
          onClick={[Function]}
          onDragLeave={[Function]}
          onFocus={[Function]}
          onKeyDown={[Function]}
          onKeyUp={[Function]}
          onMouseDown={[Function]}
          onMouseLeave={[Function]}
          onMouseUp={[Function]}
          onTouchEnd={[Function]}
          onTouchMove={[Function]}
          onTouchStart={[Function]}
          role="tab"
          tabIndex={0}
          type="button"
        >
          <span
            className="jss212"
          >
            Appuntamenti passati
          </span>
          <span
            className="jss217"
          />
        </button>
        <button
          aria-selected={false}
          className="jss157 jss203 jss205 jss210"
          disabled={false}
          onBlur={[Function]}
          onClick={[Function]}
          onDragLeave={[Function]}
          onFocus={[Function]}
          onKeyDown={[Function]}
          onKeyUp={[Function]}
          onMouseDown={[Function]}
          onMouseLeave={[Function]}
          onMouseUp={[Function]}
          onTouchEnd={[Function]}
          onTouchMove={[Function]}
          onTouchStart={[Function]}
          role="tab"
          tabIndex={-1}
          type="button"
        >
          <span
            className="jss212"
          >
            Appuntamenti futuri
          </span>
          <span
            className="jss217"
          />
        </button>
      </div>
      <span
        className="jss213 jss215 jss202"
        style={
          Object {
            "left": 0,
            "width": 0,
          }
        }
      />
    </div>
  </div>
  <div
    className="jss107 jss109"
    data-testid="past-reservations"
    hidden={false}
    role="tabpanel"
  >
    <div
      className="jss4 jss5 jss27"
    >
      <div
        className="jss4 jss6 jss50"
      />
    </div>
  </div>
  <div
    className="jss107 jss109"
    hidden={true}
    role="tabpanel"
  />
</div>
`;
