// Jest Snapshot v1, https://goo.gl/fbAQLP

exports[`EditReservation component matches snapshot 1`] = `
<div
  className="jss1"
  data-testid="edit-reservation"
>
  <h6
    className="jss9 jss19"
  >
    Modifica appuntamento
  </h6>
  <hr
    className="jss39 jss2"
  />
  <form
    className="jss3"
    data-testid="form"
    onSubmit={[Function]}
  >
    <div
      className="jss47 jss46 jss5"
    >
      <label
        className="jss63 jss51 jss57 jss60 jss59 jss62 jss66 jss53 jss68"
        data-shrink={true}
      >
        ID
      </label>
      <div
        className="jss86 jss71 jss89 jss74 jss87"
        onClick={[Function]}
      >
        <input
          aria-invalid={false}
          autoComplete="off"
          autoFocus={false}
          className="jss97 jss81 jss89 jss74"
          defaultValue="reservation-FAKE-ID1"
          disabled={true}
          name="id"
          onAnimationStart={[Function]}
          onBlur={[Function]}
          onChange={[Function]}
          onFocus={[Function]}
          required={false}
          type="text"
        />
        <fieldset
          aria-hidden={true}
          className="jss104 jss80"
        >
          <legend
            className="jss106 jss107"
          >
            <span>
              ID
            </span>
          </legend>
        </fieldset>
      </div>
    </div>
    <div
      aria-expanded={false}
      aria-owns={null}
      className="jss108 jss5 jss114 jss113"
      onClick={[Function]}
      onKeyDown={[Function]}
      onMouseDown={[Function]}
      role="combobox"
    >
      <div
        className="jss47 jss46 jss50"
      >
        <div
          className="jss86 jss71 jss115 jss96 jss87 jss91 jss76"
          onClick={[Function]}
        >
          <input
            aria-activedescendant={null}
            aria-autocomplete="list"
            aria-controls={null}
            aria-invalid={false}
            autoCapitalize="none"
            autoComplete="off"
            autoFocus={false}
            className="jss97 jss81 jss116 jss117 jss102 jss85"
            data-testid="customer"
            disabled={false}
            onAnimationStart={[Function]}
            onBlur={[Function]}
            onChange={[Function]}
            onFocus={[Function]}
            onMouseDown={[Function]}
            placeholder="Cliente"
            required={false}
            spellCheck="false"
            type="text"
            value=""
          />
          <div
            className="jss118"
          >
            <button
              aria-label="Clear"
              className="jss141 jss132 jss119 jss4 jss120"
              disabled={false}
              onBlur={[Function]}
              onClick={[Function]}
              onDragLeave={[Function]}
              onFocus={[Function]}
              onKeyDown={[Function]}
              onKeyUp={[Function]}
              onMouseDown={[Function]}
              onMouseLeave={[Function]}
              onMouseUp={[Function]}
              onTouchEnd={[Function]}
              onTouchMove={[Function]}
              onTouchStart={[Function]}
              tabIndex={-1}
              title="Clear"
              type="button"
            >
              <span
                className="jss140"
              >
                <svg
                  aria-hidden={true}
                  className="jss144 jss151"
                  focusable="false"
                  viewBox="0 0 24 24"
                >
                  <path
                    d="M19 6.41L17.59 5 12 10.59 6.41 5 5 6.41 10.59 12 5 17.59 6.41 19 12 13.41 17.59 19 19 17.59 13.41 12z"
                  />
                </svg>
              </span>
            </button>
            <button
              aria-label="Open"
              className="jss141 jss132 jss121 jss4"
              disabled={false}
              onBlur={[Function]}
              onClick={[Function]}
              onDragLeave={[Function]}
              onFocus={[Function]}
              onKeyDown={[Function]}
              onKeyUp={[Function]}
              onMouseDown={[Function]}
              onMouseLeave={[Function]}
              onMouseUp={[Function]}
              onTouchEnd={[Function]}
              onTouchMove={[Function]}
              onTouchStart={[Function]}
              tabIndex={-1}
              title="Open"
              type="button"
            >
              <span
                className="jss140"
              >
                <svg
                  aria-hidden={true}
                  className="jss144"
                  focusable="false"
                  viewBox="0 0 24 24"
                >
                  <path
                    d="M7 10l5 5 5-5z"
                  />
                </svg>
              </span>
            </button>
          </div>
          <fieldset
            aria-hidden={true}
            className="jss104 jss80"
            style={
              Object {
                "paddingLeft": 8,
              }
            }
          >
            <legend
              className="jss105"
              style={
                Object {
                  "width": 0.01,
                }
              }
            >
              <span
                dangerouslySetInnerHTML={
                  Object {
                    "__html": "&#8203;",
                  }
                }
              />
            </legend>
          </fieldset>
        </div>
      </div>
    </div>
    <div
      className="jss47 jss46 jss5"
    >
      <label
        className="jss63 jss51 jss57 jss60 jss59 jss62 jss68"
        data-shrink={true}
      >
        Data *
      </label>
      <div
        className="jss86 jss71 jss87 jss91 jss76"
        onClick={[Function]}
      >
        <input
          aria-invalid={false}
          autoFocus={false}
          className="jss97 jss81 jss102 jss85"
          data-testid="date"
          disabled={false}
          onAnimationStart={[Function]}
          onBlur={[Function]}
          onChange={[Function]}
          onFocus={[Function]}
          required={false}
          type="text"
          value="01/01/2000 10:00"
        />
        <div
          className="jss153 jss156"
        >
          <button
            className="jss141 jss132"
            disabled={false}
            onBlur={[Function]}
            onClick={[Function]}
            onDragLeave={[Function]}
            onFocus={[Function]}
            onKeyDown={[Function]}
            onKeyUp={[Function]}
            onMouseDown={[Function]}
            onMouseLeave={[Function]}
            onMouseUp={[Function]}
            onTouchEnd={[Function]}
            onTouchMove={[Function]}
            onTouchStart={[Function]}
            tabIndex={0}
            type="button"
          >
            <span
              className="jss140"
            >
              <svg
                aria-hidden={true}
                className="jss144"
                focusable="false"
                viewBox="0 0 24 24"
              >
                <path
                  d="M17 12h-5v5h5v-5zM16 1v2H8V1H6v2H5c-1.11 0-1.99.9-1.99 2L3 19c0 1.1.89 2 2 2h14c1.1 0 2-.9 2-2V5c0-1.1-.9-2-2-2h-1V1h-2zm3 18H5V8h14v11z"
                />
                <path
                  d="M0 0h24v24H0z"
                  fill="none"
                />
              </svg>
            </span>
          </button>
        </div>
        <fieldset
          aria-hidden={true}
          className="jss104 jss80"
        >
          <legend
            className="jss106 jss107"
          >
            <span>
              Data *
            </span>
          </legend>
        </fieldset>
      </div>
      
    </div>
    <div
      className="jss47 jss5"
    >
      <label
        className="jss63 jss51 jss7 jss57 jss60 jss59 jss62 jss68 jss69 jss55"
        data-shrink={true}
        id="servicesIdLabel"
      >
        Servizio
        <span
          aria-hidden={true}
          className="jss70 jss56"
        >
          â€‰
          *
        </span>
      </label>
      <div
        className="jss86 jss71 jss87"
        onClick={[Function]}
      >
        <div
          aria-haspopup="listbox"
          aria-labelledby="servicesIdLabel mui-component-select-serviceId"
          className="jss179 jss180 jss183 jss182 jss97 jss81"
          id="mui-component-select-serviceId"
          onBlur={[Function]}
          onFocus={[Function]}
          onKeyDown={[Function]}
          onMouseDown={[Function]}
          role="button"
          tabIndex={0}
        >
          fake service 1
        </div>
        <input
          aria-hidden={true}
          className="jss189"
          data-testid="service"
          name="serviceId"
          onAnimationStart={[Function]}
          onChange={[Function]}
          required={true}
          tabIndex={-1}
          value="service-FAKE-ID1"
        />
        <svg
          aria-hidden={true}
          className="jss144 jss185 jss188"
          focusable="false"
          viewBox="0 0 24 24"
        >
          <path
            d="M7 10l5 5 5-5z"
          />
        </svg>
        <fieldset
          aria-hidden={true}
          className="jss104 jss80"
          style={
            Object {
              "paddingLeft": 8,
            }
          }
        >
          <legend
            className="jss105"
            style={
              Object {
                "width": 0.01,
              }
            }
          >
            <span
              dangerouslySetInnerHTML={
                Object {
                  "__html": "&#8203;",
                }
              }
            />
          </legend>
        </fieldset>
      </div>
    </div>
    <div
      className="jss47 jss5"
    >
      <label
        className="jss63 jss51 jss7 jss57 jss60 jss59 jss62 jss68 jss69 jss55"
        data-shrink={true}
        id="employeeIdLabel"
      >
        Assegnato a
        <span
          aria-hidden={true}
          className="jss70 jss56"
        >
          â€‰
          *
        </span>
      </label>
      <div
        className="jss86 jss71 jss87"
        onClick={[Function]}
      >
        <div
          aria-haspopup="listbox"
          aria-labelledby="employeeIdLabel mui-component-select-employeeId"
          className="jss179 jss180 jss183 jss182 jss97 jss81"
          id="mui-component-select-employeeId"
          onBlur={[Function]}
          onFocus={[Function]}
          onKeyDown={[Function]}
          onMouseDown={[Function]}
          role="button"
          tabIndex={0}
        >
          Employee name 1
        </div>
        <input
          aria-hidden={true}
          className="jss189"
          data-testid="employee"
          name="employeeId"
          onAnimationStart={[Function]}
          onChange={[Function]}
          required={true}
          tabIndex={-1}
          value="employee-FAKE-ID1"
        />
        <svg
          aria-hidden={true}
          className="jss144 jss185 jss188"
          focusable="false"
          viewBox="0 0 24 24"
        >
          <path
            d="M7 10l5 5 5-5z"
          />
        </svg>
        <fieldset
          aria-hidden={true}
          className="jss104 jss80"
          style={
            Object {
              "paddingLeft": 8,
            }
          }
        >
          <legend
            className="jss105"
            style={
              Object {
                "width": 0.01,
              }
            }
          >
            <span
              dangerouslySetInnerHTML={
                Object {
                  "__html": "&#8203;",
                }
              }
            />
          </legend>
        </fieldset>
      </div>
    </div>
    <div
      className="jss47 jss46 jss5"
    >
      <label
        className="jss63 jss51 jss57 jss60 jss59 jss62 jss68"
        data-shrink={true}
      >
        Note
      </label>
      <div
        className="jss86 jss71 jss87 jss94 jss79"
        onClick={[Function]}
      >
        <textarea
          aria-invalid={false}
          autoComplete="off"
          autoFocus={false}
          className="jss97 jss81 jss99 jss83"
          data-testid="notes"
          defaultValue="something"
          disabled={false}
          name="notes"
          onAnimationStart={[Function]}
          onBlur={[Function]}
          onChange={[Function]}
          onFocus={[Function]}
          required={false}
          rows={4}
        />
        <fieldset
          aria-hidden={true}
          className="jss104 jss80"
        >
          <legend
            className="jss106 jss107"
          >
            <span>
              Note
            </span>
          </legend>
        </fieldset>
      </div>
    </div>
    <div
      className="jss8"
    >
      <button
        className="jss141 jss194 jss202 jss203"
        data-testid="submit-button"
        disabled={false}
        onBlur={[Function]}
        onDragLeave={[Function]}
        onFocus={[Function]}
        onKeyDown={[Function]}
        onKeyUp={[Function]}
        onMouseDown={[Function]}
        onMouseLeave={[Function]}
        onMouseUp={[Function]}
        onTouchEnd={[Function]}
        onTouchMove={[Function]}
        onTouchStart={[Function]}
        tabIndex={0}
        type="submit"
      >
        <span
          className="jss195"
        >
          Applica modifiche
        </span>
      </button>
      <button
        className="jss141 jss194 jss202 jss203"
        disabled={false}
        onBlur={[Function]}
        onClick={[Function]}
        onDragLeave={[Function]}
        onFocus={[Function]}
        onKeyDown={[Function]}
        onKeyUp={[Function]}
        onMouseDown={[Function]}
        onMouseLeave={[Function]}
        onMouseUp={[Function]}
        onTouchEnd={[Function]}
        onTouchMove={[Function]}
        onTouchStart={[Function]}
        tabIndex={0}
        type="button"
      >
        <span
          className="jss195"
        >
          Annulla
        </span>
      </button>
    </div>
  </form>
</div>
`;
